
   FAIL  Tests\Feature\Auth\AuthenticationTest
  ⨯ login screen can be rendered
  ⨯ users can authenticate using the login screen
  ⨯ users can not authenticate with invalid password
  ⨯ users can logout
  ────────────────────────────────────────────────────────────────────────────  
   FAILED  Tests\Feature\Auth\AuthenticationTest > login scr…  QueryException   
  SQLSTATE[08006] [7] connection to server at "host.docker.internal" (192.168.65.254), port 5432 failed: FATAL:  la base de donn�es � testing � n'existe pas (Connection: pgsql, Host: host.docker.internal, Port: 5432, Database: testing, SQL: select exists (select 1 from pg_class c, pg_namespace n where n.nspname = current_schema() and c.relname = 'migrations' and c.relkind in ('r', 'p') and n.oid = c.relnamespace))

  at vendor/laravel/framework/src/Illuminate/Database/Connection.php:838
    834▕             $exceptionType = $this->isUniqueConstraintError($e)
    835▕                 ? UniqueConstraintViolationException::class
    836▕                 : QueryException::class;
    837▕ 
  ➜ 838▕             throw new $exceptionType(
    839▕                 $this->getNameWithReadWriteType(),
    840▕                 $query,
    841▕                 $this->prepareBindings($bindings),
    842▕                 $e,


  ────────────────────────────────────────────────────────────────────────────  
   FAILED  Tests\Feature\Auth\AuthenticationTest > users can…  QueryException   
  SQLSTATE[08006] [7] connection to server at "host.docker.internal" (192.168.65.254), port 5432 failed: FATAL:  la base de donn�es � testing � n'existe pas (Connection: pgsql, Host: host.docker.internal, Port: 5432, Database: testing, SQL: select exists (select 1 from pg_class c, pg_namespace n where n.nspname = current_schema() and c.relname = 'migrations' and c.relkind in ('r', 'p') and n.oid = c.relnamespace))

  at vendor/laravel/framework/src/Illuminate/Database/Connection.php:838
    834▕             $exceptionType = $this->isUniqueConstraintError($e)
    835▕                 ? UniqueConstraintViolationException::class
    836▕                 : QueryException::class;
    837▕ 
  ➜ 838▕             throw new $exceptionType(
    839▕                 $this->getNameWithReadWriteType(),
    840▕                 $query,
    841▕                 $this->prepareBindings($bindings),
    842▕                 $e,


  ────────────────────────────────────────────────────────────────────────────  
   FAILED  Tests\Feature\Auth\AuthenticationTest > users can…  QueryException   
  SQLSTATE[08006] [7] connection to server at "host.docker.internal" (192.168.65.254), port 5432 failed: FATAL:  la base de donn�es � testing � n'existe pas (Connection: pgsql, Host: host.docker.internal, Port: 5432, Database: testing, SQL: select exists (select 1 from pg_class c, pg_namespace n where n.nspname = current_schema() and c.relname = 'migrations' and c.relkind in ('r', 'p') and n.oid = c.relnamespace))

  at vendor/laravel/framework/src/Illuminate/Database/Connection.php:838
    834▕             $exceptionType = $this->isUniqueConstraintError($e)
    835▕                 ? UniqueConstraintViolationException::class
    836▕                 : QueryException::class;
    837▕ 
  ➜ 838▕             throw new $exceptionType(
    839▕                 $this->getNameWithReadWriteType(),
    840▕                 $query,
    841▕                 $this->prepareBindings($bindings),
    842▕                 $e,


  ────────────────────────────────────────────────────────────────────────────  
   FAILED  Tests\Feature\Auth\AuthenticationTest > users can…  QueryException   
  SQLSTATE[08006] [7] connection to server at "host.docker.internal" (192.168.65.254), port 5432 failed: FATAL:  la base de donn�es � testing � n'existe pas (Connection: pgsql, Host: host.docker.internal, Port: 5432, Database: testing, SQL: select exists (select 1 from pg_class c, pg_namespace n where n.nspname = current_schema() and c.relname = 'migrations' and c.relkind in ('r', 'p') and n.oid = c.relnamespace))

  at vendor/laravel/framework/src/Illuminate/Database/Connection.php:838
    834▕             $exceptionType = $this->isUniqueConstraintError($e)
    835▕                 ? UniqueConstraintViolationException::class
    836▕                 : QueryException::class;
    837▕ 
  ➜ 838▕             throw new $exceptionType(
    839▕                 $this->getNameWithReadWriteType(),
    840▕                 $query,
    841▕                 $this->prepareBindings($bindings),
    842▕                 $e,



  Tests:    4 failed (0 assertions)
  Duration: 0.44s

